INFO[apt_repos]: Using basedir '.'
INFO[apt_repos.Repository]: Scanning Repository 'Unresolvable Repository' (http://wirzelprimpft.de/apt/repos/)
WARNING[apt_repos.RepositoryScanner]: Could not resolve suite trusty of repository http://wirzelprimpft.de/apt/repos/
INFO[apt_repos.Repository]: Scanning Repository 'Test Dummy File Url' (file:///tmp/onDisk/)
WARNING[apt_repos.RepositoryScanner]: Could not resolve suite trusty of repository file:///tmp/onDisk/
# ubuntu:trusty [archive:]
deb http://de.archive.ubuntu.com/ubuntu/ trusty main restricted universe multiverse
deb-src http://de.archive.ubuntu.com/ubuntu/ trusty main restricted universe multiverse

