INFO[apt_repos]: Using basedir '.'
INFO[apt_repos.Repository]: Scanning Repository 'Unresolvable Repository' (http://wirzelprimpft.de/apt/repos/)
WARNING[apt_repos.RepositoryScanner]: Could not resolve repository http://wirzelprimpft.de/apt/repos/
INFO[apt_repos.Repository]: Scanning Repository 'Main Debian Repository' (http://deb.debian.org/debian/)
INFO[apt_repos.Repository]: Scanning Repository 'German Main Ubuntu Repository' (http://de.archive.ubuntu.com/ubuntu/)
# ubuntu:trusty [archive:]
# ubuntu:trusty-security
# ubuntu:xenial [archive:, default:]
# ubuntu:xenial-security [default:]
# debian:stretch [stable:, test:]
# debian:stretch-backports [stable:]
# debian:stretch-updates [stable:, test2:]
# ubuntu:de-bionic
