INFO[apt_repos]: Using basedir '.'
INFO[apt_repos]: Scanning repository http://wirzelprimpft.de/apt/repos/
INFO[apt_repos]: Scanning repository http://deb.debian.org/debian/
INFO[apt_repos]: Scanning repository http://de.archive.ubuntu.com/ubuntu/
updating (use --no-update to skip) and querying packages lists for 2 suites.1.2
Results for Arch 'amd64'				      |	Results for Arch 'i386'

Package Version Suite Section Source				Package Version Suite Section Source
reprepro 4.17.0-1 ubuntu:xenial universe/utils reprepro		reprepro 4.17.0-1 ubuntu:xenial universe/utils reprepro
