INFO[apt_repos]: Using basedir '.'
WARNING[apt_repos]: Missing key 'Suite' --> Skipping suite-entry: {'InvalidSuiteEntry': 'with missing keys'}
updating (use --no-update to skip) and querying packages lists for 2 suites.1.2
Source Version Suite Arch Section File-Url

git 1:2.7.4-0ubuntu1 ubuntu:xenial all,any vcs http://de.archive.ubuntu.com/ubuntu/pool/main/g/git/git_2.7.4-0ubuntu1.dsc
git 1:2.7.4-0ubuntu1.5 ubuntu:xenial-security all,any vcs http://security.ubuntu.com/ubuntu/pool/main/g/git/git_2.7.4-0ubuntu1.5.dsc

reprepro 4.17.0-1 ubuntu:xenial any universe/utils http://de.archive.ubuntu.com/ubuntu/pool/universe/r/reprepro/reprepro_4.17.0-1.dsc
