INFO[apt_repos]: Using basedir '.'
WARNING[apt_repos]: Missing key 'Suite' --> Skipping suite-entry: {'InvalidSuiteEntry': 'with missing keys'}
updating (use --no-update to skip) and querying packages lists for 2 suites.1.2
Results for Arch 'amd64'				      |	Results for Arch 'i386'

Package Version Suite Section Source				Package Version Suite Section Source
git 1:2.7.4-0ubuntu1 ubuntu:xenial vcs git			git 1:2.7.4-0ubuntu1 ubuntu:xenial vcs git
git 1:2.7.4-0ubuntu1.6 ubuntu:xenial-security vcs git		git 1:2.7.4-0ubuntu1.6 ubuntu:xenial-security vcs git
