INFO[apt_repos]: Using basedir '.'
WARNING[apt_repos]: Missing key 'Suite' --> Skipping suite-entry: {'InvalidSuiteEntry': 'with missing keys'}
WARNING[apt_repos]: Missing key 'Suite' --> Skipping suite-entry: {'InvalidSuiteEntry': 'with missing keys'}
updating (use --no-update to skip) and querying sources lists for 2 suites.1.2
http://security.ubuntu.com/ubuntu/pool/main/g/git/git_1.9.1-1ubuntu0.8.dsc
http://de.archive.ubuntu.com/ubuntu/pool/universe/r/reprepro/reprepro_4.17.0-1.dsc
http://de.archive.ubuntu.com/ubuntu/pool/universe/z/zim/zim_0.65-2.dsc
