updating (use --no-update to skip) and querying packages lists for 2 suites.1.2
Traceback (most recent call last):
  File "./apt_repos.py", line 373, in <module>
    main()
  File "./apt_repos.py", line 177, in main
    args.sub_function(args)
  File "./apt_repos.py", line 240, in ls
    diff_formatter(result, requestFields, args.diff, args.diff_tool, args.no_header, list_formatter)            
  File "./apt_repos.py", line 315, in diff_formatter
    "', '".join(sorted(newResults.keys()))))
Exception: We got not exactly 2 differentiators for Diff-Field 'Arch'. We found: 'all'
