INFO[apt_repos]: Using basedir '.'
WARNING[apt_repos]: Missing key 'Suite' --> Skipping suite-entry: {'InvalidSuiteEntry': 'with missing keys'}
updating (use --no-update to skip) and querying packages lists for 2 suites.1.2
Source | Version             | Suite                  | Arch    | Section
====== | =================== | ====================== | ======= | =======
git    | 1:2.7.4-0ubuntu1    | ubuntu:xenial          | all,any | vcs    
git    | 1:2.7.4-0ubuntu1.10 | ubuntu:xenial-security | all,any | vcs    
