INFO[apt_repos]: Using basedir '.'
WARNING[apt_repos]: Missing key 'Suite' --> Skipping suite-entry: {'InvalidSuiteEntry': 'with missing keys'}
INFO[apt_repos.Repository]: Scanning Repository http://wirzelprimpft.de/unresolvable_repository/
WARNING[apt_repos.RepositoryScanner]: Could not resolve repository http://wirzelprimpft.de/unresolvable_repository/
INFO[apt_repos.Repository]: Scanning Repository 'Main Debian Repository' (http://deb.debian.org/debian/)
INFO[apt_repos.Repository]: Scanning Repository 'Test Dummy File Url' (file:///tmp/onDisk/)
WARNING[apt_repos.RepositoryScanner]: Could not resolve repository file:///tmp/onDisk/
INFO[apt_repos.Repository]: Scanning Repository 'German Main Ubuntu Repository' (http://de.archive.ubuntu.com/ubuntu/)
# ubuntu:trusty [archive:]
# ubuntu:trusty-security
# ubuntu:xenial [archive:, default:]
# ubuntu:xenial-security [default:]
# debian:stretch [stable:, test:]
# debian:stretch-backports [stable:]
# debian:stretch-updates [stable:, test2:]
# ubuntu:de-bionic
