INFO[apt_repos]: Using basedir '.'
WARNING[apt_repos]: Missing key 'Suite' --> Skipping suite-entry: {'InvalidSuiteEntry': 'with missing keys'}
updating (use --no-update to skip) and querying packages lists for 2 suites.1.2

ERROR: We got not exactly 2 differentiators for Diff-Field 'Arch'. We found: 'all', 'amd64', 'i386'. Use -di a^... to ignore results for one of these values.

