INFO[apt_repos]: Using basedir '.'
INFO[apt_repos]: Scanning repository http://wirzelprimpft.de/apt/repos/
INFO[apt_repos]: Scanning repository http://deb.debian.org/debian/
INFO[apt_repos]: Scanning repository http://de.archive.ubuntu.com/ubuntu/
updating (use --no-update to skip) and querying packages lists for 2 suites.1.2

ERROR: We got not exactly 2 differentiators for Diff-Field 'Arch'. We found: 'all', 'amd64', 'i386'. Use -di a^... to ignore results for one of these values.

