INFO[apt_repos]: Using basedir '.'
INFO[apt_repos.Repository]: Scanning Repository 'Unresolvable Repository' (http://wirzelprimpft.de/apt/repos/)
WARNING[apt_repos.RepositoryScanner]: Could not resolve repository http://wirzelprimpft.de/apt/repos/
INFO[apt_repos.Repository]: Scanning Repository 'Main Debian Repository' (http://deb.debian.org/debian/)
INFO[apt_repos.Repository]: Scanning Repository 'German Main Ubuntu Repository' (http://de.archive.ubuntu.com/ubuntu/)
# ubuntu:trusty [archive:]
deb http://de.archive.ubuntu.com/ubuntu/ trusty main restricted universe multiverse
deb-src http://de.archive.ubuntu.com/ubuntu/ trusty main restricted universe multiverse

# ubuntu:trusty-security
deb http://security.ubuntu.com/ubuntu trusty-security main restricted universe multiverse
deb-src http://security.ubuntu.com/ubuntu trusty-security main restricted universe multiverse

# ubuntu:xenial [archive:, default:]
deb http://de.archive.ubuntu.com/ubuntu/ xenial main restricted universe multiverse
deb-src http://de.archive.ubuntu.com/ubuntu/ xenial main restricted universe multiverse

# ubuntu:xenial-security [default:]
deb http://security.ubuntu.com/ubuntu xenial-security main restricted universe multiverse
deb-src http://security.ubuntu.com/ubuntu xenial-security main restricted universe multiverse

# debian:stretch [stable:, test:]
deb http://deb.debian.org/debian/ stretch main contrib non-free
deb-src http://deb.debian.org/debian/ stretch main contrib non-free

# debian:stretch-backports [stable:]
deb http://deb.debian.org/debian/ stretch-backports main contrib non-free
deb-src http://deb.debian.org/debian/ stretch-backports main contrib non-free

# debian:stretch-updates [stable:, test2:]
deb http://deb.debian.org/debian/ stretch-updates main contrib non-free
deb-src http://deb.debian.org/debian/ stretch-updates main contrib non-free

# ubuntu:de-bionic
deb http://de.archive.ubuntu.com/ubuntu/ bionic main restricted universe multiverse
deb-src http://de.archive.ubuntu.com/ubuntu/ bionic main restricted universe multiverse

