INFO     Setting new BaseDir: .
QueryResult(BINARY_PACKAGE_NAME:'git', VERSION:'1:1.9.1-1', SUITE:'RepoSuite(ubuntu:trusty)', ARCHITECTURE:'amd64', SECTION:'vcs', SOURCE_PACKAGE_NAME:'')
QueryResult(BINARY_PACKAGE_NAME:'git', VERSION:'1:1.9.1-1', SUITE:'RepoSuite(ubuntu:trusty)', ARCHITECTURE:'i386', SECTION:'vcs', SOURCE_PACKAGE_NAME:'')
