
Repository 'Testing Basics' (http://archive.ubuntu.com/ubuntu/)
INFO     apt_repos.Repository: Scanning Repository 'Testing Basics' (http://archive.ubuntu.com/ubuntu/)
  Results for 'ubuntu', 'bionic':
    Architectures: ['i386', 'amd64']
    DebSrc: True
    SourcesList: deb http://archive.ubuntu.com/ubuntu/ bionic main restricted universe multiverse
    Suite: ubuntu:bionic
    Tags: []
    TrustedGPG: ./gpg/ubuntu.gpg
  Results for 'u', 'bionic':
  Results for 'ubuntu', 'noexist':
  Results for '', 'noexist':
INFO     apt_repos.Repository: Scanning Repository 'Testing Basics' (http://archive.ubuntu.com/ubuntu/)
  Results for '', 'bionic':
    Architectures: ['i386', 'amd64']
    DebSrc: True
    SourcesList: deb http://archive.ubuntu.com/ubuntu/ bionic main restricted universe multiverse
    Suite: ubuntu:bionic
    Tags: []
    TrustedGPG: ./gpg/ubuntu.gpg
INFO     apt_repos.Repository: Scanning Repository 'Testing Basics' (http://archive.ubuntu.com/ubuntu/)
  Results for 'ubuntu', '':
    Architectures: ['i386', 'amd64']
    DebSrc: True
    SourcesList: deb http://archive.ubuntu.com/ubuntu/ xenial main restricted universe multiverse
    Suite: ubuntu:xenial
    Tags: []
    TrustedGPG: ./gpg/ubuntu.gpg
    Architectures: ['i386', 'amd64']
    DebSrc: True
    SourcesList: deb http://archive.ubuntu.com/ubuntu/ bionic main restricted universe multiverse
    Suite: ubuntu:bionic
    Tags: []
    TrustedGPG: ./gpg/ubuntu.gpg
  Results for 'ubuntu:test-', 'bionic':
  Results for 'another', 'bionic':

Repository 'Testing different Prefix' (http://de.archive.ubuntu.com/ubuntu/)
INFO     apt_repos.Repository: Scanning Repository 'Testing different Prefix' (http://de.archive.ubuntu.com/ubuntu/)
  Results for 'ubuntu', 'de-bionic':
    Architectures: ['i386', 'amd64']
    DebSrc: True
    SourcesList: deb http://de.archive.ubuntu.com/ubuntu/ bionic main restricted universe multiverse
    Suite: ubuntu:de-bionic
    Tags: []
    TrustedGPG: ./gpg/ubuntu.gpg
  Results for 'u', 'de-bionic':
  Results for '', 'de-noexist':
INFO     apt_repos.Repository: Scanning Repository 'Testing different Prefix' (http://de.archive.ubuntu.com/ubuntu/)
  Results for '', 'de-bionic':
    Architectures: ['i386', 'amd64']
    DebSrc: True
    SourcesList: deb http://de.archive.ubuntu.com/ubuntu/ bionic main restricted universe multiverse
    Suite: ubuntu:de-bionic
    Tags: []
    TrustedGPG: ./gpg/ubuntu.gpg
INFO     apt_repos.Repository: Scanning Repository 'Testing different Prefix' (http://de.archive.ubuntu.com/ubuntu/)
  Results for 'ubuntu', '':
    Architectures: ['i386', 'amd64']
    DebSrc: True
    SourcesList: deb http://de.archive.ubuntu.com/ubuntu/ xenial main restricted universe multiverse
    Suite: ubuntu:de-xenial
    Tags: []
    TrustedGPG: ./gpg/ubuntu.gpg
    Architectures: ['i386', 'amd64']
    DebSrc: True
    SourcesList: deb http://de.archive.ubuntu.com/ubuntu/ bionic main restricted universe multiverse
    Suite: ubuntu:de-bionic
    Tags: []
    TrustedGPG: ./gpg/ubuntu.gpg
  Results for 'ubuntu:de-', 'bionic':
  Results for 'ubuntu:', 'bionic':

Repository 'Testing Option Scan==True' (http://archive.ubuntu.com/ubuntu/)
INFO     apt_repos.Repository: Scanning Repository 'Testing Option Scan==True' (http://archive.ubuntu.com/ubuntu/)
  Results for 'ubuntu', 'bionic':
    Architectures: ['i386', 'amd64']
    DebSrc: True
    SourcesList: deb http://archive.ubuntu.com/ubuntu/ bionic main restricted universe multiverse
    Suite: ubuntu:bionic
    Tags: []
    TrustedGPG: ./gpg/ubuntu.gpg
INFO     apt_repos.Repository: Scanning Repository 'Testing Option Scan==True' (http://archive.ubuntu.com/ubuntu/)
  Results for '', 'bionic':
    Architectures: ['i386', 'amd64']
    DebSrc: True
    SourcesList: deb http://archive.ubuntu.com/ubuntu/ bionic main restricted universe multiverse
    Suite: ubuntu:bionic
    Tags: []
    TrustedGPG: ./gpg/ubuntu.gpg
INFO     apt_repos.Repository: Scanning Repository 'Testing Option Scan==True' (http://archive.ubuntu.com/ubuntu/)
WARNING  apt_repos.RepositoryScanner: Could not resolve suite noexist of repository http://archive.ubuntu.com/ubuntu/
  Results for '', 'noexist':
INFO     apt_repos.Repository: Scanning Repository 'Testing Option Scan==True' (http://archive.ubuntu.com/ubuntu/)
  Results for 'ubuntu', '':
    Architectures: ['i386', 'amd64']
    DebSrc: True
    SourcesList: deb http://archive.ubuntu.com/ubuntu/ artful main restricted universe multiverse
    Suite: ubuntu:artful
    Tags: []
    TrustedGPG: ./gpg/ubuntu.gpg
    Architectures: ['i386', 'amd64']
    DebSrc: True
    SourcesList: deb http://archive.ubuntu.com/ubuntu/ artful-backports main restricted universe multiverse
    Suite: ubuntu:artful-backports
    Tags: []
    TrustedGPG: ./gpg/ubuntu.gpg
    Architectures: ['i386', 'amd64']
    DebSrc: True
    SourcesList: deb http://archive.ubuntu.com/ubuntu/ artful-proposed main restricted universe multiverse
    Suite: ubuntu:artful-proposed
    Tags: []
    TrustedGPG: ./gpg/ubuntu.gpg
    Architectures: ['i386', 'amd64']
    DebSrc: True
    SourcesList: deb http://archive.ubuntu.com/ubuntu/ artful-security main restricted universe multiverse
    Suite: ubuntu:artful-security
    Tags: []
    TrustedGPG: ./gpg/ubuntu.gpg
    Architectures: ['i386', 'amd64']
    DebSrc: True
    SourcesList: deb http://archive.ubuntu.com/ubuntu/ artful-updates main restricted universe multiverse
    Suite: ubuntu:artful-updates
    Tags: []
    TrustedGPG: ./gpg/ubuntu.gpg
    Architectures: ['i386', 'amd64']
    DebSrc: True
    SourcesList: deb http://archive.ubuntu.com/ubuntu/ bionic main restricted universe multiverse
    Suite: ubuntu:bionic
    Tags: []
    TrustedGPG: ./gpg/ubuntu.gpg
    Architectures: ['i386', 'amd64']
    DebSrc: True
    SourcesList: deb http://archive.ubuntu.com/ubuntu/ bionic-backports main restricted universe multiverse
    Suite: ubuntu:bionic-backports
    Tags: []
    TrustedGPG: ./gpg/ubuntu.gpg
    Architectures: ['i386', 'amd64']
    DebSrc: True
    SourcesList: deb http://archive.ubuntu.com/ubuntu/ bionic-proposed main restricted universe multiverse
    Suite: ubuntu:bionic-proposed
    Tags: []
    TrustedGPG: ./gpg/ubuntu.gpg
    Architectures: ['i386', 'amd64']
    DebSrc: True
    SourcesList: deb http://archive.ubuntu.com/ubuntu/ bionic-security main restricted universe multiverse
    Suite: ubuntu:bionic-security
    Tags: []
    TrustedGPG: ./gpg/ubuntu.gpg
    Architectures: ['i386', 'amd64']
    DebSrc: True
    SourcesList: deb http://archive.ubuntu.com/ubuntu/ bionic-updates main restricted universe multiverse
    Suite: ubuntu:bionic-updates
    Tags: []
    TrustedGPG: ./gpg/ubuntu.gpg
    Architectures: ['i386', 'amd64']
    DebSrc: True
    SourcesList: deb http://archive.ubuntu.com/ubuntu/ cosmic main restricted universe multiverse
    Suite: ubuntu:cosmic
    Tags: []
    TrustedGPG: ./gpg/ubuntu.gpg
    Architectures: ['i386', 'amd64']
    DebSrc: True
    SourcesList: deb http://archive.ubuntu.com/ubuntu/ cosmic-backports main restricted universe multiverse
    Suite: ubuntu:cosmic-backports
    Tags: []
    TrustedGPG: ./gpg/ubuntu.gpg
    Architectures: ['i386', 'amd64']
    DebSrc: True
    SourcesList: deb http://archive.ubuntu.com/ubuntu/ cosmic-proposed main restricted universe multiverse
    Suite: ubuntu:cosmic-proposed
    Tags: []
    TrustedGPG: ./gpg/ubuntu.gpg
    Architectures: ['i386', 'amd64']
    DebSrc: True
    SourcesList: deb http://archive.ubuntu.com/ubuntu/ cosmic-security main restricted universe multiverse
    Suite: ubuntu:cosmic-security
    Tags: []
    TrustedGPG: ./gpg/ubuntu.gpg
    Architectures: ['i386', 'amd64']
    DebSrc: True
    SourcesList: deb http://archive.ubuntu.com/ubuntu/ cosmic-updates main restricted universe multiverse
    Suite: ubuntu:cosmic-updates
    Tags: []
    TrustedGPG: ./gpg/ubuntu.gpg
    Architectures: ['i386', 'amd64']
    DebSrc: True
    SourcesList: deb http://archive.ubuntu.com/ubuntu/ devel main restricted universe multiverse
    Suite: ubuntu:disco
    Tags: []
    TrustedGPG: ./gpg/ubuntu.gpg
    Architectures: ['i386', 'amd64']
    DebSrc: True
    SourcesList: deb http://archive.ubuntu.com/ubuntu/ devel-backports main restricted universe multiverse
    Suite: ubuntu:disco-backports
    Tags: []
    TrustedGPG: ./gpg/ubuntu.gpg
    Architectures: ['i386', 'amd64']
    DebSrc: True
    SourcesList: deb http://archive.ubuntu.com/ubuntu/ devel-proposed main restricted universe multiverse
    Suite: ubuntu:disco-proposed
    Tags: []
    TrustedGPG: ./gpg/ubuntu.gpg
    Architectures: ['i386', 'amd64']
    DebSrc: True
    SourcesList: deb http://archive.ubuntu.com/ubuntu/ devel-security main restricted universe multiverse
    Suite: ubuntu:disco-security
    Tags: []
    TrustedGPG: ./gpg/ubuntu.gpg
    Architectures: ['i386', 'amd64']
    DebSrc: True
    SourcesList: deb http://archive.ubuntu.com/ubuntu/ devel-updates main restricted universe multiverse
    Suite: ubuntu:disco-updates
    Tags: []
    TrustedGPG: ./gpg/ubuntu.gpg
    Architectures: ['i386', 'amd64']
    DebSrc: True
    SourcesList: deb http://archive.ubuntu.com/ubuntu/ disco main restricted universe multiverse
    Suite: ubuntu:disco
    Tags: []
    TrustedGPG: ./gpg/ubuntu.gpg
    Architectures: ['i386', 'amd64']
    DebSrc: True
    SourcesList: deb http://archive.ubuntu.com/ubuntu/ disco-backports main restricted universe multiverse
    Suite: ubuntu:disco-backports
    Tags: []
    TrustedGPG: ./gpg/ubuntu.gpg
    Architectures: ['i386', 'amd64']
    DebSrc: True
    SourcesList: deb http://archive.ubuntu.com/ubuntu/ disco-proposed main restricted universe multiverse
    Suite: ubuntu:disco-proposed
    Tags: []
    TrustedGPG: ./gpg/ubuntu.gpg
    Architectures: ['i386', 'amd64']
    DebSrc: True
    SourcesList: deb http://archive.ubuntu.com/ubuntu/ disco-security main restricted universe multiverse
    Suite: ubuntu:disco-security
    Tags: []
    TrustedGPG: ./gpg/ubuntu.gpg
    Architectures: ['i386', 'amd64']
    DebSrc: True
    SourcesList: deb http://archive.ubuntu.com/ubuntu/ disco-updates main restricted universe multiverse
    Suite: ubuntu:disco-updates
    Tags: []
    TrustedGPG: ./gpg/ubuntu.gpg
    Architectures: ['i386', 'amd64']
    DebSrc: True
    SourcesList: deb http://archive.ubuntu.com/ubuntu/ precise main restricted universe multiverse
    Suite: ubuntu:precise
    Tags: []
    TrustedGPG: ./gpg/ubuntu.gpg
    Architectures: ['i386', 'amd64']
    DebSrc: True
    SourcesList: deb http://archive.ubuntu.com/ubuntu/ precise-backports main restricted universe multiverse
    Suite: ubuntu:precise-backports
    Tags: []
    TrustedGPG: ./gpg/ubuntu.gpg
    Architectures: ['i386', 'amd64']
    DebSrc: True
    SourcesList: deb http://archive.ubuntu.com/ubuntu/ precise-proposed main restricted universe multiverse
    Suite: ubuntu:precise-proposed
    Tags: []
    TrustedGPG: ./gpg/ubuntu.gpg
    Architectures: ['i386', 'amd64']
    DebSrc: True
    SourcesList: deb http://archive.ubuntu.com/ubuntu/ precise-security main restricted universe multiverse
    Suite: ubuntu:precise-security
    Tags: []
    TrustedGPG: ./gpg/ubuntu.gpg
    Architectures: ['i386', 'amd64']
    DebSrc: True
    SourcesList: deb http://archive.ubuntu.com/ubuntu/ precise-updates main restricted universe multiverse
    Suite: ubuntu:precise-updates
    Tags: []
    TrustedGPG: ./gpg/ubuntu.gpg
    Architectures: ['i386', 'amd64']
    DebSrc: True
    SourcesList: deb http://archive.ubuntu.com/ubuntu/ trusty main restricted universe multiverse
    Suite: ubuntu:trusty
    Tags: []
    TrustedGPG: ./gpg/ubuntu.gpg
    Architectures: ['i386', 'amd64']
    DebSrc: True
    SourcesList: deb http://archive.ubuntu.com/ubuntu/ trusty-backports main restricted universe multiverse
    Suite: ubuntu:trusty-backports
    Tags: []
    TrustedGPG: ./gpg/ubuntu.gpg
    Architectures: ['i386', 'amd64']
    DebSrc: True
    SourcesList: deb http://archive.ubuntu.com/ubuntu/ trusty-proposed main restricted universe multiverse
    Suite: ubuntu:trusty-proposed
    Tags: []
    TrustedGPG: ./gpg/ubuntu.gpg
    Architectures: ['i386', 'amd64']
    DebSrc: True
    SourcesList: deb http://archive.ubuntu.com/ubuntu/ trusty-security main restricted universe multiverse
    Suite: ubuntu:trusty-security
    Tags: []
    TrustedGPG: ./gpg/ubuntu.gpg
    Architectures: ['i386', 'amd64']
    DebSrc: True
    SourcesList: deb http://archive.ubuntu.com/ubuntu/ trusty-updates main restricted universe multiverse
    Suite: ubuntu:trusty-updates
    Tags: []
    TrustedGPG: ./gpg/ubuntu.gpg
    Architectures: ['i386', 'amd64']
    DebSrc: True
    SourcesList: deb http://archive.ubuntu.com/ubuntu/ xenial main restricted universe multiverse
    Suite: ubuntu:xenial
    Tags: []
    TrustedGPG: ./gpg/ubuntu.gpg
    Architectures: ['i386', 'amd64']
    DebSrc: True
    SourcesList: deb http://archive.ubuntu.com/ubuntu/ xenial-backports main restricted universe multiverse
    Suite: ubuntu:xenial-backports
    Tags: []
    TrustedGPG: ./gpg/ubuntu.gpg
    Architectures: ['i386', 'amd64']
    DebSrc: True
    SourcesList: deb http://archive.ubuntu.com/ubuntu/ xenial-proposed main restricted universe multiverse
    Suite: ubuntu:xenial-proposed
    Tags: []
    TrustedGPG: ./gpg/ubuntu.gpg
    Architectures: ['i386', 'amd64']
    DebSrc: True
    SourcesList: deb http://archive.ubuntu.com/ubuntu/ xenial-security main restricted universe multiverse
    Suite: ubuntu:xenial-security
    Tags: []
    TrustedGPG: ./gpg/ubuntu.gpg
    Architectures: ['i386', 'amd64']
    DebSrc: True
    SourcesList: deb http://archive.ubuntu.com/ubuntu/ xenial-updates main restricted universe multiverse
    Suite: ubuntu:xenial-updates
    Tags: []
    TrustedGPG: ./gpg/ubuntu.gpg
  Results for 'ubuntu:de-', 'bionic':
  Results for 'ubuntu:', 'bionic':

Repository 'Testing Option ExtractSuiteFromReleaseUrl==True' (http://archive.ubuntu.com/ubuntu/)
INFO     apt_repos.Repository: Scanning Repository 'Testing Option ExtractSuiteFromReleaseUrl==True' (http://archive.ubuntu.com/ubuntu/)
  Results for 'ubuntu', 'bionic':
    Architectures: ['i386', 'amd64']
    DebSrc: True
    SourcesList: deb http://archive.ubuntu.com/ubuntu/ bionic main restricted universe multiverse
    Suite: ubuntu:bionic
    Tags: []
    TrustedGPG: ./gpg/ubuntu.gpg

Repository 'Testing Option Trusted==True' (http://archive.ubuntu.com/ubuntu/)
INFO     apt_repos.Repository: Scanning Repository 'Testing Option Trusted==True' (http://archive.ubuntu.com/ubuntu/)
  Results for 'ubuntu', 'bionic':
    Architectures: ['i386', 'amd64']
    DebSrc: True
    SourcesList: deb [trusted=yes] http://archive.ubuntu.com/ubuntu/ bionic main restricted universe multiverse
    Suite: ubuntu:bionic
    Tags: []
    TrustedGPG: ./gpg/ubuntu.gpg

Repository 'Testing Option DebSrc==False' (http://archive.ubuntu.com/ubuntu/)
INFO     apt_repos.Repository: Scanning Repository 'Testing Option DebSrc==False' (http://archive.ubuntu.com/ubuntu/)
  Results for 'ubuntu', 'bionic':
    Architectures: ['i386', 'amd64']
    DebSrc: False
    SourcesList: deb http://archive.ubuntu.com/ubuntu/ bionic main restricted universe multiverse
    Suite: ubuntu:bionic
    Tags: []
    TrustedGPG: ./gpg/ubuntu.gpg

Repository 'Main Ubuntu Repository' (http://archive.ubuntu.com/ubuntu/)
INFO     apt_repos.Repository: Scanning Repository 'Main Ubuntu Repository' (http://archive.ubuntu.com/ubuntu/)
  Results for 'ubuntu', 'bionic':
    Architectures: ['i386', 'amd64']
    DebSrc: True
    SourcesList: deb http://archive.ubuntu.com/ubuntu/ bionic main restricted universe multiverse
    Suite: ubuntu:bionic
    Tags: ['ene', 'mene', 'muh']
    TrustedGPG: ./gpg/ubuntu.gpg
INFO     apt_repos.Repository: Scanning Repository 'Main Ubuntu Repository' (http://archive.ubuntu.com/ubuntu/)
  Results for 'ubuntu', 'trusty':
    Architectures: ['i386', 'amd64']
    DebSrc: True
    SourcesList: deb http://archive.ubuntu.com/ubuntu/ trusty main restricted universe multiverse
    Suite: ubuntu:trusty
    Tags: ['old', 'older', 'oldest']
    TrustedGPG: ./gpg/ubuntu.gpg

Repository 'Main Ubuntu Repository' (http://archive.ubuntu.com/ubuntu/)
INFO     apt_repos.Repository: Scanning Repository 'Main Ubuntu Repository' (http://archive.ubuntu.com/ubuntu/)
  Results for 'ubuntu', 'bionic':
    Architectures: ['i386', 'amd64']
    DebSrc: True
    SourcesList: deb http://archive.ubuntu.com/ubuntu/ bionic main restricted universe multiverse
    Suite: ubuntu:bionic
    Tags: ['common1', 'ene', 'mene', 'muh', 'z_last']
    TrustedGPG: ./gpg/ubuntu.gpg
INFO     apt_repos.Repository: Scanning Repository 'Main Ubuntu Repository' (http://archive.ubuntu.com/ubuntu/)
  Results for 'ubuntu', 'trusty':
    Architectures: ['i386', 'amd64']
    DebSrc: True
    SourcesList: deb http://archive.ubuntu.com/ubuntu/ trusty main restricted universe multiverse
    Suite: ubuntu:trusty
    Tags: ['common1', 'z_last']
    TrustedGPG: ./gpg/ubuntu.gpg

Repository 'Testing Option Codename and url without trailing /' (http://deb.debian.org/debian/)
INFO     apt_repos.Repository: Scanning Repository 'Testing Option Codename and url without trailing /' (http://deb.debian.org/debian/)
  Results for 'debian', 'stable':
    Architectures: ['i386', 'amd64']
    DebSrc: True
    SourcesList: deb http://deb.debian.org/debian/ stretch main contrib non-free
    Suite: debian:stable
    Tags: []
    TrustedGPG: ./gpg/ubuntu.gpg
  Results for 'debian', 'stretch':
INFO     apt_repos.Repository: Scanning Repository 'Testing Option Codename and url without trailing /' (http://deb.debian.org/debian/)
  Results for 'debian', 'unstable':
    Architectures: ['i386', 'amd64']
    DebSrc: True
    SourcesList: deb http://deb.debian.org/debian/ sid main contrib non-free
    Suite: debian:unstable
    Tags: []
    TrustedGPG: ./gpg/ubuntu.gpg
  Results for 'debian', 'sid':
