INFO     Setting new BaseDir: .

Selected suites for selectors: None
ubuntu:xenial
ubuntu:xenial-security

Selected suites for selectors: :
ubuntu:trusty
ubuntu:trusty-security
ubuntu:xenial
ubuntu:xenial-security

Selected suites for selectors: default:
ubuntu:xenial
ubuntu:xenial-security

Selected suites for selectors: ubuntu:xenial
ubuntu:xenial

Selected suites for selectors: xenial
ubuntu:xenial

Selected suites for selectors: ub:trusty

Selected suites for selectors: ubuntu:
ubuntu:trusty
ubuntu:trusty-security
ubuntu:xenial
ubuntu:xenial-security

Selected suites for selectors: u:

Selected suites for selectors: u:trusty

Selected suites for selectors: ubuntu:trusty-security, ubuntu:xenial-security
ubuntu:trusty-security
ubuntu:xenial-security
