INFO     Setting new BaseDir: .
Reading package lists... 0%Reading package lists... 0%Reading package lists... Done
Building dependency tree... 0%Building dependency tree... 0%Building dependency tree... 0%Building dependency tree... 0%Building dependency tree... Done
Reading package lists... 0%Reading package lists... 0%Reading package lists... Done
Building dependency tree... 0%Building dependency tree... 0%Building dependency tree... 0%Building dependency tree... 0%Building dependency tree... Done
Reading package lists... 0%Reading package lists... 0%Reading package lists... Done
Building dependency tree... 0%Building dependency tree... 0%Building dependency tree... 0%Building dependency tree... 0%Building dependency tree... Done
Reading package lists... 0%Reading package lists... 0%Reading package lists... Done
Building dependency tree... 0%Building dependency tree... 0%Building dependency tree... 0%Building dependency tree... 0%Building dependency tree... Done
Reading package lists... 0%Reading package lists... 100%Reading package lists... Done
Building dependency tree... 0%Building dependency tree... 0%Building dependency tree... 0%Building dependency tree... 0%Building dependency tree... Done
Reading package lists... 0%Reading package lists... 100%Reading package lists... Done
Building dependency tree... 0%Building dependency tree... 0%Building dependency tree... 0%Building dependency tree... 0%Building dependency tree... Done
Reading package lists... 0%Reading package lists... 100%Reading package lists... Done
Building dependency tree... 0%Building dependency tree... 0%Building dependency tree... 0%Building dependency tree... 0%Building dependency tree... Done
Reading package lists... 0%Reading package lists... 100%Reading package lists... Done
Building dependency tree... 0%Building dependency tree... 0%Building dependency tree... 0%Building dependency tree... 0%Building dependency tree... Done
Reading package lists... 0%Reading package lists... 100%Reading package lists... Done
Building dependency tree... 0%Building dependency tree... 0%Building dependency tree... 0%Building dependency tree... 0%Building dependency tree... Done
Reading package lists... 0%Reading package lists... 100%Reading package lists... Done
Building dependency tree... 0%Building dependency tree... 0%Building dependency tree... 0%Building dependency tree... 0%Building dependency tree... Done
Reading package lists... 0%Reading package lists... 100%Reading package lists... Done
Building dependency tree... 0%Building dependency tree... 0%Building dependency tree... 0%Building dependency tree... 0%Building dependency tree... Done
Reading package lists... 0%Reading package lists... 100%Reading package lists... Done
Building dependency tree... 0%Building dependency tree... 0%Building dependency tree... 0%Building dependency tree... 0%Building dependency tree... Done
Reading package lists... 0%Reading package lists... 100%Reading package lists... Done
Building dependency tree... 0%Building dependency tree... 0%Building dependency tree... 0%Building dependency tree... 0%Building dependency tree... Done
Reading package lists... 0%Reading package lists... 100%Reading package lists... Done
Building dependency tree... 0%Building dependency tree... 0%Building dependency tree... 0%Building dependency tree... 0%Building dependency tree... Done
Reading package lists... 0%Reading package lists... 100%Reading package lists... Done
Building dependency tree... 0%Building dependency tree... 0%Building dependency tree... 0%Building dependency tree... 0%Building dependency tree... Done
Reading package lists... 0%Reading package lists... 100%Reading package lists... Done
Building dependency tree... 0%Building dependency tree... 0%Building dependency tree... 0%Building dependency tree... 0%Building dependency tree... Done
Reading package lists... 0%Reading package lists... 100%Reading package lists... Done
Building dependency tree... 0%Building dependency tree... 0%Building dependency tree... 0%Building dependency tree... 0%Building dependency tree... Done
Reading package lists... 0%Reading package lists... 100%Reading package lists... Done
Building dependency tree... 0%Building dependency tree... 0%Building dependency tree... 0%Building dependency tree... 0%Building dependency tree... Done
Reading package lists... 0%Reading package lists... 100%Reading package lists... Done
Building dependency tree... 0%Building dependency tree... 0%Building dependency tree... 0%Building dependency tree... 0%Building dependency tree... Done
Reading package lists... 0%Reading package lists... 100%Reading package lists... Done
Building dependency tree... 0%Building dependency tree... 0%Building dependency tree... 0%Building dependency tree... 0%Building dependency tree... Done
Reading package lists... 0%Reading package lists... 100%Reading package lists... Done
Building dependency tree... 0%Building dependency tree... 0%Building dependency tree... 0%Building dependency tree... 0%Building dependency tree... Done
Reading package lists... 0%Reading package lists... 100%Reading package lists... Done
Building dependency tree... 0%Building dependency tree... 0%Building dependency tree... 0%Building dependency tree... 0%Building dependency tree... Done

Selected suites for selectors: None
ubuntu:xenial
ubuntu:xenial-security

Selected suites for selectors: :
ubuntu:trusty
ubuntu:trusty-security
ubuntu:xenial
ubuntu:xenial-security

Selected suites for selectors: default:
ubuntu:xenial
ubuntu:xenial-security

Selected suites for selectors: ubuntu:xenial
ubuntu:xenial

Selected suites for selectors: xenial
ubuntu:xenial

Selected suites for selectors: ub:trusty
ubuntu:trusty

Selected suites for selectors: ubuntu:
ubuntu:trusty
ubuntu:trusty-security
ubuntu:xenial
ubuntu:xenial-security

Selected suites for selectors: u:
ubuntu:trusty
ubuntu:trusty-security
ubuntu:xenial
ubuntu:xenial-security

Selected suites for selectors: u:trusty
ubuntu:trusty

Selected suites for selectors: ubuntu:trusty-security, ubuntu:xenial-security
ubuntu:trusty-security
ubuntu:xenial-security
