INFO     Setting new BaseDir: .
QueryResult(BINARY_PACKAGE_NAME:'git', VERSION:'1:1.9.1-1', SUITE:'ubuntu:trusty', ARCHITECTURE:'amd64', SECTION:'vcs', SOURCE_PACKAGE_NAME:'git')
QueryResult(BINARY_PACKAGE_NAME:'git', VERSION:'1:1.9.1-1', SUITE:'ubuntu:trusty', ARCHITECTURE:'i386', SECTION:'vcs', SOURCE_PACKAGE_NAME:'git')
