FieldsStr ''
[]
FieldsStr 'pvSasC'
[<PackageField.BINARY_PACKAGE_NAME>, <PackageField.VERSION>, <PackageField.SUITE>, <PackageField.ARCHITECTURE>, <PackageField.SECTION>, <PackageField.SOURCE_PACKAGE_NAME>]
FieldsStr 'CsaSvp'
[<PackageField.SOURCE_PACKAGE_NAME>, <PackageField.SECTION>, <PackageField.ARCHITECTURE>, <PackageField.SUITE>, <PackageField.VERSION>, <PackageField.BINARY_PACKAGE_NAME>]
FieldsStr 'p'
[<PackageField.BINARY_PACKAGE_NAME>]
FieldsStr 'v'
[<PackageField.VERSION>]
FieldsStr 'S'
[<PackageField.SUITE>]
FieldsStr 'a'
[<PackageField.ARCHITECTURE>]
FieldsStr 's'
[<PackageField.SECTION>]
FieldsStr 'C'
[<PackageField.SOURCE_PACKAGE_NAME>]
FieldsStr 'X'
Unknown format-character 'X'
FieldsStr 'XYZ'
Unknown format-character 'X'
