INFO     apt_repos: Using basedir '.'
INFO     apt_repos: Scanning repository http://wirzelprimpft.de/apt/repos/
INFO     apt_repos: Scanning repository http://deb.debian.org/debian/
INFO     apt_repos: Scanning repository http://de.archive.ubuntu.com/ubuntu/
<testfolder>/.apt-repos_cache/ubuntu:trusty/var/lib/apt/lists/de.archive.ubuntu.com_ubuntu_dists_trusty_main_source_Sources
<testfolder>/.apt-repos_cache/ubuntu:trusty/var/lib/apt/lists/de.archive.ubuntu.com_ubuntu_dists_trusty_multiverse_source_Sources
<testfolder>/.apt-repos_cache/ubuntu:trusty/var/lib/apt/lists/de.archive.ubuntu.com_ubuntu_dists_trusty_restricted_source_Sources
<testfolder>/.apt-repos_cache/ubuntu:trusty/var/lib/apt/lists/de.archive.ubuntu.com_ubuntu_dists_trusty_universe_source_Sources
