INFO     apt_repos: Using basedir '.'
INFO     apt_repos.Repository: Scanning Repository 'Unresolvable Repository' (http://wirzelprimpft.de/apt/repos/)
WARNING  apt_repos.RepositoryScanner: Could not resolve repository http://wirzelprimpft.de/apt/repos/
INFO     apt_repos.Repository: Scanning Repository 'Main Debian Repository' (http://deb.debian.org/debian/)
INFO     apt_repos.Repository: Scanning Repository 'Test Dummy File Url' (file:///tmp/onDisk/)
WARNING  apt_repos.RepositoryScanner: Could not resolve repository file:///tmp/onDisk/
INFO     apt_repos.Repository: Scanning Repository 'German Main Ubuntu Repository' (http://de.archive.ubuntu.com/ubuntu/)
ubuntu:trusty
trusty
http://de.archive.ubuntu.com/ubuntu/
http://de.archive.ubuntu.com/ubuntu/dists/trusty
['main', 'restricted', 'universe', 'multiverse']
True
['i386', 'amd64']
deb http://de.archive.ubuntu.com/ubuntu/ trusty main restricted universe multiverse
deb-src http://de.archive.ubuntu.com/ubuntu/ trusty main restricted universe multiverse

ubuntu:trusty-security
trusty-security
http://security.ubuntu.com/ubuntu
http://security.ubuntu.com/ubuntu/dists/trusty-security
['main', 'restricted', 'universe', 'multiverse']
True
['i386', 'amd64']
deb http://security.ubuntu.com/ubuntu trusty-security main restricted universe multiverse
deb-src http://security.ubuntu.com/ubuntu trusty-security main restricted universe multiverse

ubuntu:xenial
xenial
http://de.archive.ubuntu.com/ubuntu/
http://de.archive.ubuntu.com/ubuntu/dists/xenial
['main', 'restricted', 'universe', 'multiverse']
True
['i386', 'amd64']
deb http://de.archive.ubuntu.com/ubuntu/ xenial main restricted universe multiverse
deb-src http://de.archive.ubuntu.com/ubuntu/ xenial main restricted universe multiverse

ubuntu:xenial-security
xenial-security
http://security.ubuntu.com/ubuntu
http://security.ubuntu.com/ubuntu/dists/xenial-security
['main', 'restricted', 'universe', 'multiverse']
True
['i386', 'amd64']
deb http://security.ubuntu.com/ubuntu xenial-security main restricted universe multiverse
deb-src http://security.ubuntu.com/ubuntu xenial-security main restricted universe multiverse

debian:stretch
stretch
http://deb.debian.org/debian/
http://deb.debian.org/debian/dists/stretch
['main', 'contrib', 'non-free']
True
['i386', 'amd64']
deb http://deb.debian.org/debian/ stretch main contrib non-free
deb-src http://deb.debian.org/debian/ stretch main contrib non-free

debian:stretch-backports
stretch-backports
http://deb.debian.org/debian/
http://deb.debian.org/debian/dists/stretch-backports
['main', 'contrib', 'non-free']
True
['i386', 'amd64']
deb http://deb.debian.org/debian/ stretch-backports main contrib non-free
deb-src http://deb.debian.org/debian/ stretch-backports main contrib non-free

debian:stretch-updates
stretch-updates
http://deb.debian.org/debian/
http://deb.debian.org/debian/dists/stretch-updates
['main', 'contrib', 'non-free']
True
['i386', 'amd64']
deb http://deb.debian.org/debian/ stretch-updates main contrib non-free
deb-src http://deb.debian.org/debian/ stretch-updates main contrib non-free

ubuntu:de-bionic
bionic
http://de.archive.ubuntu.com/ubuntu/
http://de.archive.ubuntu.com/ubuntu/dists/bionic
['main', 'restricted', 'universe', 'multiverse']
True
['i386', 'amd64']
deb http://de.archive.ubuntu.com/ubuntu/ bionic main restricted universe multiverse
deb-src http://de.archive.ubuntu.com/ubuntu/ bionic main restricted universe multiverse

